source: |-
  (fn fact (a) (
      let b (case (> a 1) (fact (- a 1)) 1) (
          * a b
      )
  ))
  (print_int (fact 5))
input: ''
compiled: |
  0 - 080000e3 - jump 227
  1 - 00400004 - sign ~ 4
  2 - 0b000000 - ret
  3 - 0d400004 - load ~ 4
  4 - 01400008 - and ~ 8
  5 - 0b000000 - ret
  6 - 0d400004 - load ~ 4
  7 - 02400008 - or ~ 8
  8 - 0b000000 - ret
  9 - 0d400004 - load ~ 4
  10 - 03400008 - add ~ 8
  11 - 0b000000 - ret
  12 - 0d400008 - load ~ 8
  13 - 04400004 - sub ~ 4
  14 - 0b000000 - ret
  15 - 0d400004 - load ~ 4
  16 - 05400008 - mul ~ 8
  17 - 0b000000 - ret
  18 - 0d400008 - load ~ 8
  19 - 06400004 - div ~ 4
  20 - 0b000000 - ret
  21 - 0d400008 - load ~ 8
  22 - 07400004 - rem ~ 4
  23 - 0b000000 - ret
  24 - 0d000000 - load # 0
  25 - 0b000000 - ret
  26 - 0d400004 - load ~ 4
  27 - 0e000004 - save # 4
  28 - 0b000000 - ret
  29 - 0d000008 - load # 8
  30 - 0e40fffc - save ~ -4
  31 - 0d000000 - load # 0
  32 - 0e40fff8 - save ~ -8
  33 - 10000008 - svrel # 8
  34 - 0d000008 - load # 8
  35 - 03800001 - add 1
  36 - 0e000008 - save # 8
  37 - 0d40fff8 - load ~ -8
  38 - 09000002 - jifz 2
  39 - 0800fff8 - jump -8
  40 - 0d40fffc - load ~ -4
  41 - 0b000000 - ret
  42 - 0d400004 - load ~ 4
  43 - 0e40fffc - save ~ -4
  44 - 0f40fffc - ldrel ~ -4
  45 - 018000ff - and 255
  46 - 09000006 - jifz 6
  47 - 0e000004 - save # 4
  48 - 0d40fffc - load ~ -4
  49 - 03800001 - add 1
  50 - 0e40fffc - save ~ -4
  51 - 0800fff9 - jump -7
  52 - 0d800000 - load 0
  53 - 0b000000 - ret
  54 - 0d400004 - load ~ 4
  55 - 0c80fffc - spadd -4
  56 - 09000013 - jifz 19
  57 - 10000008 - svrel # 8
  58 - 0d800000 - load 0
  59 - 0e400000 - save ~ 0
  60 - 0f000008 - ldrel # 8
  61 - 0780000a - rem 10
  62 - 03800030 - add 48
  63 - 0c80fffc - spadd -4
  64 - 0e400000 - save ~ 0
  65 - 0f000008 - ldrel # 8
  66 - 0680000a - div 10
  67 - 10000008 - svrel # 8
  68 - 09000002 - jifz 2
  69 - 0800fff8 - jump -8
  70 - 0d400000 - load ~ 0
  71 - 09000006 - jifz 6
  72 - 0e000004 - save # 4
  73 - 0c800004 - spadd 4
  74 - 0800fffc - jump -4
  75 - 0d800030 - load 48
  76 - 0e000004 - save # 4
  77 - 0c800004 - spadd 4
  78 - 0b000000 - ret
  79 - 0d400004 - load ~ 4
  80 - 09000003 - jifz 3
  81 - 0d800000 - load 0
  82 - 08000002 - jump 2
  83 - 0d800001 - load 1
  84 - 0b000000 - ret
  85 - 0c80fff8 - spadd -8
  86 - 0d400010 - load ~ 16
  87 - 0e400004 - save ~ 4
  88 - 0d40000c - load ~ 12
  89 - 0e400000 - save ~ 0
  90 - 0a00000c - call 12 -> -
  91 - 0c800008 - spadd 8
  92 - 0b000000 - ret
  93 - 0c80fffc - spadd -4
  94 - 0c80fff8 - spadd -8
  95 - 0d400014 - load ~ 20
  96 - 0e400004 - save ~ 4
  97 - 0d400010 - load ~ 16
  98 - 0e400000 - save ~ 0
  99 - 0a00000c - call 12 -> -
  100 - 0c800008 - spadd 8
  101 - 0e400000 - save ~ 0
  102 - 0a00004f - call 79 -> !
  103 - 0c800004 - spadd 4
  104 - 0b000000 - ret
  105 - 0c80fffc - spadd -4
  106 - 0c80fff8 - spadd -8
  107 - 0d400010 - load ~ 16
  108 - 0e400004 - save ~ 4
  109 - 0d400014 - load ~ 20
  110 - 0e400000 - save ~ 0
  111 - 0a00000c - call 12 -> -
  112 - 0c800008 - spadd 8
  113 - 0e400000 - save ~ 0
  114 - 0a000001 - call 1 -> sign
  115 - 0c800004 - spadd 4
  116 - 0b000000 - ret
  117 - 0c80fffc - spadd -4
  118 - 0c80fff8 - spadd -8
  119 - 0d400014 - load ~ 20
  120 - 0e400004 - save ~ 4
  121 - 0d400010 - load ~ 16
  122 - 0e400000 - save ~ 0
  123 - 0a00000c - call 12 -> -
  124 - 0c800008 - spadd 8
  125 - 0e400000 - save ~ 0
  126 - 0a000001 - call 1 -> sign
  127 - 0c800004 - spadd 4
  128 - 0b000000 - ret
  129 - 0c80fffc - spadd -4
  130 - 0c80fffc - spadd -4
  131 - 0c80fff8 - spadd -8
  132 - 0d400018 - load ~ 24
  133 - 0e400004 - save ~ 4
  134 - 0d400014 - load ~ 20
  135 - 0e400000 - save ~ 0
  136 - 0a00000c - call 12 -> -
  137 - 0c800008 - spadd 8
  138 - 0e400000 - save ~ 0
  139 - 0a000001 - call 1 -> sign
  140 - 0c800004 - spadd 4
  141 - 0e400000 - save ~ 0
  142 - 0a00004f - call 79 -> !
  143 - 0c800004 - spadd 4
  144 - 0b000000 - ret
  145 - 0c80fffc - spadd -4
  146 - 0c80fffc - spadd -4
  147 - 0c80fff8 - spadd -8
  148 - 0d400014 - load ~ 20
  149 - 0e400004 - save ~ 4
  150 - 0d400018 - load ~ 24
  151 - 0e400000 - save ~ 0
  152 - 0a00000c - call 12 -> -
  153 - 0c800008 - spadd 8
  154 - 0e400000 - save ~ 0
  155 - 0a000001 - call 1 -> sign
  156 - 0c800004 - spadd 4
  157 - 0e400000 - save ~ 0
  158 - 0a00004f - call 79 -> !
  159 - 0c800004 - spadd 4
  160 - 0b000000 - ret
  161 - 0c80fffc - spadd -4
  162 - 0d400008 - load ~ 8
  163 - 0e400000 - save ~ 0
  164 - 0a000001 - call 1 -> sign
  165 - 0c800004 - spadd 4
  166 - 09000017 - jifz 23
  167 - 0c80fff8 - spadd -8
  168 - 0c80fffc - spadd -4
  169 - 0d80002d - load 45
  170 - 0e400000 - save ~ 0
  171 - 0a00001a - call 26 -> out
  172 - 0c800004 - spadd 4
  173 - 0e400004 - save ~ 4
  174 - 0c80fffc - spadd -4
  175 - 0c80fff8 - spadd -8
  176 - 0d400018 - load ~ 24
  177 - 0e400004 - save ~ 4
  178 - 0d80ffff - load -1
  179 - 0e400000 - save ~ 0
  180 - 0a00000f - call 15 -> *
  181 - 0c800008 - spadd 8
  182 - 0e400000 - save ~ 0
  183 - 0a000036 - call 54 -> print_positive_int
  184 - 0c800004 - spadd 4
  185 - 0e400000 - save ~ 0
  186 - 0a000009 - call 9 -> +
  187 - 0c800008 - spadd 8
  188 - 08000006 - jump 6
  189 - 0c80fffc - spadd -4
  190 - 0d400008 - load ~ 8
  191 - 0e400000 - save ~ 0
  192 - 0a000036 - call 54 -> print_positive_int
  193 - 0c800004 - spadd 4
  194 - 0b000000 - ret
  195 - 0c80fffc - spadd -4
  196 - 0c80fff8 - spadd -8
  197 - 0d400010 - load ~ 16
  198 - 0e400004 - save ~ 4
  199 - 0d800001 - load 1
  200 - 0e400000 - save ~ 0
  201 - 0a000069 - call 105 -> >
  202 - 0c800008 - spadd 8
  203 - 0900000d - jifz 13
  204 - 0c80fffc - spadd -4
  205 - 0c80fff8 - spadd -8
  206 - 0d400014 - load ~ 20
  207 - 0e400004 - save ~ 4
  208 - 0d800001 - load 1
  209 - 0e400000 - save ~ 0
  210 - 0a00000c - call 12 -> -
  211 - 0c800008 - spadd 8
  212 - 0e400000 - save ~ 0
  213 - 0a0000c3 - call 195 -> fact
  214 - 0c800004 - spadd 4
  215 - 08000002 - jump 2
  216 - 0d800001 - load 1
  217 - 0e400000 - save ~ 0
  218 - 0c80fff8 - spadd -8
  219 - 0d400010 - load ~ 16
  220 - 0e400004 - save ~ 4
  221 - 0d400008 - load ~ 8
  222 - 0e400000 - save ~ 0
  223 - 0a00000f - call 15 -> *
  224 - 0c800008 - spadd 8
  225 - 0c800004 - spadd 4
  226 - 0b000000 - ret
  227 - 0d800000 - load 0
  228 - 0c80fffc - spadd -4
  229 - 0c80fffc - spadd -4
  230 - 0d800005 - load 5
  231 - 0e400000 - save ~ 0
  232 - 0a0000c3 - call 195 -> fact
  233 - 0c800004 - spadd 4
  234 - 0e400000 - save ~ 0
  235 - 0a0000a1 - call 161 -> print_int
  236 - 0c800004 - spadd 4
  237 - 11000000 - halt
  Code lines: 6; instructions: 238; bytes: 964
stdout: |
  120
stderr: |-
  load ~ 4        ip: 15, acc: 224, sp: 65503
  mul ~ 8        ip: 16, acc: 24, sp: 65503
  ret        ip: 17, acc: 120, sp: 65503
  ret        ip: 17, acc: 120, sp: 65507
  spadd 8        ip: 224, acc: 120, sp: 65507
  spadd 4        ip: 225, acc: 120, sp: 65515
  ret        ip: 226, acc: 120, sp: 65519
  ret        ip: 226, acc: 120, sp: 65523
  spadd 4        ip: 233, acc: 120, sp: 65523
  save ~ 0        ip: 234, acc: 120, sp: 65527
  call 161        ip: 235, acc: 120, sp: 65527
  call 161        ip: 235, acc: 120, sp: 65523
  call 161        ip: 235, acc: 236, sp: 65523
  call 161        ip: 235, acc: 236, sp: 65523
  spadd -4        ip: 161, acc: 236, sp: 65523
  load ~ 8        ip: 162, acc: 236, sp: 65519
  save ~ 0        ip: 163, acc: 120, sp: 65519
  call 1        ip: 164, acc: 120, sp: 65519
  call 1        ip: 164, acc: 120, sp: 65515
  call 1        ip: 164, acc: 165, sp: 65515
  call 1        ip: 164, acc: 165, sp: 65515
  sign ~ 4        ip: 1, acc: 165, sp: 65515
  ret        ip: 2, acc: 0, sp: 65515
  ret        ip: 2, acc: 0, sp: 65519
  spadd 4        ip: 165, acc: 0, sp: 65519
  jifz 23        ip: 166, acc: 0, sp: 65523
  spadd -4        ip: 189, acc: 0, sp: 65523
  load ~ 8        ip: 190, acc: 0, sp: 65519
  save ~ 0        ip: 191, acc: 120, sp: 65519
  call 54        ip: 192, acc: 120, sp: 65519
  call 54        ip: 192, acc: 120, sp: 65515
  call 54        ip: 192, acc: 193, sp: 65515
  call 54        ip: 192, acc: 193, sp: 65515
  load ~ 4        ip: 54, acc: 193, sp: 65515
  spadd -4        ip: 55, acc: 120, sp: 65515
  jifz 19        ip: 56, acc: 120, sp: 65511
  svrel # 8        ip: 57, acc: 120, sp: 65511
  svrel # 8        ip: 57, acc: 120, sp: 65511
  load 0        ip: 58, acc: 120, sp: 65511
  save ~ 0        ip: 59, acc: 0, sp: 65511
  ldrel # 8        ip: 60, acc: 0, sp: 65511
  ldrel # 8        ip: 60, acc: 0, sp: 65511
  rem 10        ip: 61, acc: 120, sp: 65511
  add 48        ip: 62, acc: 0, sp: 65511
  spadd -4        ip: 63, acc: 48, sp: 65511
  save ~ 0        ip: 64, acc: 48, sp: 65507
  ldrel # 8        ip: 65, acc: 48, sp: 65507
  ldrel # 8        ip: 65, acc: 48, sp: 65507
  div 10        ip: 66, acc: 120, sp: 65507
  svrel # 8        ip: 67, acc: 12, sp: 65507
  svrel # 8        ip: 67, acc: 12, sp: 65507
  jifz 2        ip: 68, acc: 12, sp: 65507
  jump -8        ip: 69, acc: 12, sp: 65507
  rem 10        ip: 61, acc: 12, sp: 65507
  add 48        ip: 62, acc: 2, sp: 65507
  spadd -4        ip: 63, acc: 50, sp: 65507
  save ~ 0        ip: 64, acc: 50, sp: 65503
  ldrel # 8        ip: 65, acc: 50, sp: 65503
  ldrel # 8        ip: 65, acc: 50, sp: 65503
  div 10        ip: 66, acc: 12, sp: 65503
  svrel # 8        ip: 67, acc: 1, sp: 65503
  svrel # 8        ip: 67, acc: 1, sp: 65503
  jifz 2        ip: 68, acc: 1, sp: 65503
  jump -8        ip: 69, acc: 1, sp: 65503
  rem 10        ip: 61, acc: 1, sp: 65503
  add 48        ip: 62, acc: 1, sp: 65503
  spadd -4        ip: 63, acc: 49, sp: 65503
  save ~ 0        ip: 64, acc: 49, sp: 65499
  ldrel # 8        ip: 65, acc: 49, sp: 65499
  ldrel # 8        ip: 65, acc: 49, sp: 65499
  div 10        ip: 66, acc: 1, sp: 65499
  svrel # 8        ip: 67, acc: 0, sp: 65499
  svrel # 8        ip: 67, acc: 0, sp: 65499
  jifz 2        ip: 68, acc: 0, sp: 65499
  load ~ 0        ip: 70, acc: 0, sp: 65499
  jifz 6        ip: 71, acc: 49, sp: 65499
  save # 4        ip: 72, acc: 49, sp: 65499
  spadd 4        ip: 73, acc: 49, sp: 65499
  jump -4        ip: 74, acc: 49, sp: 65503
  load ~ 0        ip: 70, acc: 49, sp: 65503
  jifz 6        ip: 71, acc: 50, sp: 65503
  save # 4        ip: 72, acc: 50, sp: 65503
  spadd 4        ip: 73, acc: 50, sp: 65503
  jump -4        ip: 74, acc: 50, sp: 65507
  load ~ 0        ip: 70, acc: 50, sp: 65507
  jifz 6        ip: 71, acc: 48, sp: 65507
  save # 4        ip: 72, acc: 48, sp: 65507
  spadd 4        ip: 73, acc: 48, sp: 65507
  jump -4        ip: 74, acc: 48, sp: 65511
  load ~ 0        ip: 70, acc: 48, sp: 65511
  jifz 6        ip: 71, acc: 0, sp: 65511
  spadd 4        ip: 77, acc: 0, sp: 65511
  ret        ip: 78, acc: 0, sp: 65515
  ret        ip: 78, acc: 0, sp: 65519
  spadd 4        ip: 193, acc: 0, sp: 65519
  ret        ip: 194, acc: 0, sp: 65523
  ret        ip: 194, acc: 0, sp: 65527
  spadd 4        ip: 236, acc: 0, sp: 65527
  halt        ip: 237, acc: 0, sp: 65531
  Ticks: 470; instructions: 334
